stm32f3xx_hal_tim.c:269:13:HAL_TIM_Base_MspInit	0	static
stm32f3xx_hal_tim.c:284:13:HAL_TIM_Base_MspDeInit	0	static
stm32f3xx_hal_tim.c:242:19:HAL_TIM_Base_DeInit	8	static
stm32f3xx_hal_tim.c:300:19:HAL_TIM_Base_Start	0	static
stm32f3xx_hal_tim.c:323:19:HAL_TIM_Base_Stop	0	static
stm32f3xx_hal_tim.c:346:19:HAL_TIM_Base_Start_IT	0	static
stm32f3xx_hal_tim.c:366:19:HAL_TIM_Base_Stop_IT	0	static
stm32f3xx_hal_tim.c:387:19:HAL_TIM_Base_Start_DMA	8	static
stm32f3xx_hal_tim.c:431:19:HAL_TIM_Base_Stop_DMA	0	static
stm32f3xx_hal_tim.c:547:13:HAL_TIM_OC_MspInit	0	static
stm32f3xx_hal_tim.c:562:13:HAL_TIM_OC_MspDeInit	0	static
stm32f3xx_hal_tim.c:520:19:HAL_TIM_OC_DeInit	8	static
stm32f3xx_hal_tim.c:1054:13:HAL_TIM_PWM_MspInit	0	static
stm32f3xx_hal_tim.c:1069:13:HAL_TIM_PWM_MspDeInit	0	static
stm32f3xx_hal_tim.c:1027:19:HAL_TIM_PWM_DeInit	8	static
stm32f3xx_hal_tim.c:1564:13:HAL_TIM_IC_MspInit	0	static
stm32f3xx_hal_tim.c:1579:13:HAL_TIM_IC_MspDeInit	0	static
stm32f3xx_hal_tim.c:1537:19:HAL_TIM_IC_DeInit	8	static
stm32f3xx_hal_tim.c:2047:13:HAL_TIM_OnePulse_MspInit	0	static
stm32f3xx_hal_tim.c:2062:13:HAL_TIM_OnePulse_MspDeInit	0	static
stm32f3xx_hal_tim.c:2020:19:HAL_TIM_OnePulse_DeInit	8	static
stm32f3xx_hal_tim.c:2081:19:HAL_TIM_OnePulse_Start	0	static
stm32f3xx_hal_tim.c:2114:19:HAL_TIM_OnePulse_Stop	0	static
stm32f3xx_hal_tim.c:2147:19:HAL_TIM_OnePulse_Start_IT	0	static
stm32f3xx_hal_tim.c:2186:19:HAL_TIM_OnePulse_Stop_IT	0	static
stm32f3xx_hal_tim.c:2366:13:HAL_TIM_Encoder_MspInit	0	static
stm32f3xx_hal_tim.c:2381:13:HAL_TIM_Encoder_MspDeInit	0	static
stm32f3xx_hal_tim.c:2339:19:HAL_TIM_Encoder_DeInit	8	static
stm32f3xx_hal_tim.c:2401:19:HAL_TIM_Encoder_Start	0	static
stm32f3xx_hal_tim.c:2443:19:HAL_TIM_Encoder_Stop	0	static
stm32f3xx_hal_tim.c:2487:19:HAL_TIM_Encoder_Start_IT	0	static
stm32f3xx_hal_tim.c:2535:19:HAL_TIM_Encoder_Stop_IT	0	static
stm32f3xx_hal_tim.c:2589:19:HAL_TIM_Encoder_Start_DMA	24	static
stm32f3xx_hal_tim.c:2706:19:HAL_TIM_Encoder_Stop_DMA	0	static
stm32f3xx_hal_tim.c:3332:19:HAL_TIM_DMABurst_WriteStart	24	static
stm32f3xx_hal_tim.c:3555:19:HAL_TIM_DMABurst_ReadStart	24	static
stm32f3xx_hal_tim.c:3687:19:HAL_TIM_DMABurst_ReadStop	16	static
stm32f3xx_hal_tim.c:3463:19:HAL_TIM_DMABurst_WriteStop	0	static
stm32f3xx_hal_tim.c:3760:19:HAL_TIM_GenerateEvent	0	static
stm32f3xx_hal_tim.c:4075:19:HAL_TIM_ConfigTI1Input	0	static
stm32f3xx_hal_tim.c:4180:10:HAL_TIM_ReadCapturedValue	0	static
stm32f3xx_hal_tim.c:4267:13:HAL_TIM_PeriodElapsedCallback	0	static
stm32f3xx_hal_tim.c:4526:13:TIM_DMAPeriodElapsedCplt	8	static
stm32f3xx_hal_tim.c:4282:13:HAL_TIM_OC_DelayElapsedCallback	0	static
stm32f3xx_hal_tim.c:4296:13:HAL_TIM_IC_CaptureCallback	0	static
stm32f3xx_hal_tim.c:4493:6:TIM_DMACaptureCplt	8	static
stm32f3xx_hal_tim.c:4311:13:HAL_TIM_PWM_PulseFinishedCallback	0	static
stm32f3xx_hal_tim.c:4461:6:TIM_DMADelayPulseCplt	8	static
stm32f3xx_hal_tim.c:4326:13:HAL_TIM_TriggerCallback	0	static
stm32f3xx_hal_tim.c:2768:6:HAL_TIM_IRQHandler	8	static
stm32f3xx_hal_tim.c:4540:13:TIM_DMATriggerCplt	8	static
stm32f3xx_hal_tim.c:4341:13:HAL_TIM_ErrorCallback	0	static
stm32f3xx_hal_tim.c:4447:6:TIM_DMAError	8	static
stm32f3xx_hal_tim.c:4375:22:HAL_TIM_Base_GetState	0	static
stm32f3xx_hal_tim.c:4385:22:HAL_TIM_OC_GetState	0	static
stm32f3xx_hal_tim.c:4395:22:HAL_TIM_PWM_GetState	0	static
stm32f3xx_hal_tim.c:4405:22:HAL_TIM_IC_GetState	0	static
stm32f3xx_hal_tim.c:4415:22:HAL_TIM_OnePulse_GetState	0	static
stm32f3xx_hal_tim.c:4425:22:HAL_TIM_Encoder_GetState	0	static
stm32f3xx_hal_tim.c:4555:6:TIM_Base_SetConfig	8	static
stm32f3xx_hal_tim.c:202:19:HAL_TIM_Base_Init	8	static
stm32f3xx_hal_tim.c:480:19:HAL_TIM_OC_Init	8	static
stm32f3xx_hal_tim.c:987:19:HAL_TIM_PWM_Init	8	static
stm32f3xx_hal_tim.c:1497:19:HAL_TIM_IC_Init	8	static
stm32f3xx_hal_tim.c:1973:19:HAL_TIM_OnePulse_Init	16	static
stm32f3xx_hal_tim.c:2246:19:HAL_TIM_Encoder_Init	24	static
stm32f3xx_hal_tim.c:4603:6:TIM_OC1_SetConfig	16	static
stm32f3xx_hal_tim.c:4677:6:TIM_OC2_SetConfig	16	static
stm32f3xx_hal_tim.c:4757:6:TIM_OC3_SetConfig	16	static
stm32f3xx_hal_tim.c:4834:6:TIM_OC4_SetConfig	12	static
stm32f3xx_hal_tim.c:2931:26:HAL_TIM_OC_ConfigChannel	16	static
stm32f3xx_hal_tim.c:3096:26:HAL_TIM_PWM_ConfigChannel	16	static
stm32f3xx_hal_tim.c:5033:6:TIM_TI1_SetConfig	16	static
stm32f3xx_hal_tim.c:3000:19:HAL_TIM_IC_ConfigChannel	24	static
stm32f3xx_hal_tim.c:3196:19:HAL_TIM_OnePulse_ConfigChannel	48	static
stm32f3xx_hal_tim.c:5327:6:TIM_ETR_SetConfig	8	static
stm32f3xx_hal_tim.c:3797:26:HAL_TIM_ConfigOCrefClear	16	static
stm32f3xx_hal_tim.c:3901:19:HAL_TIM_ConfigClockSource	16	static
stm32f3xx_hal_tim.c:4889:13:TIM_SlaveTimer_SetConfig	8	static
stm32f3xx_hal_tim.c:4107:19:HAL_TIM_SlaveConfigSynchronization	16	static
stm32f3xx_hal_tim.c:4142:19:HAL_TIM_SlaveConfigSynchronization_IT	16	static
stm32f3xx_hal_tim.c:5357:6:TIM_CCxChannelCmd	8	static
stm32f3xx_hal_tim.c:615:19:HAL_TIM_OC_Stop	8	static
stm32f3xx_hal_tim.c:1090:19:HAL_TIM_PWM_Start	8	static
stm32f3xx_hal_tim.c:583:19:HAL_TIM_OC_Start	0	static
stm32f3xx_hal_tim.c:1122:19:HAL_TIM_PWM_Stop	8	static
stm32f3xx_hal_tim.c:1157:19:HAL_TIM_PWM_Start_IT	8	static
stm32f3xx_hal_tim.c:647:19:HAL_TIM_OC_Start_IT	0	static
stm32f3xx_hal_tim.c:1223:19:HAL_TIM_PWM_Stop_IT	8	static
stm32f3xx_hal_tim.c:713:19:HAL_TIM_OC_Stop_IT	0	static
stm32f3xx_hal_tim.c:1291:19:HAL_TIM_PWM_Start_DMA	16	static
stm32f3xx_hal_tim.c:781:19:HAL_TIM_OC_Start_DMA	0	static
stm32f3xx_hal_tim.c:1408:19:HAL_TIM_PWM_Stop_DMA	8	static
stm32f3xx_hal_tim.c:898:19:HAL_TIM_OC_Stop_DMA	0	static
stm32f3xx_hal_tim.c:1600:19:HAL_TIM_IC_Start	8	static
stm32f3xx_hal_tim.c:1626:19:HAL_TIM_IC_Stop	8	static
stm32f3xx_hal_tim.c:1652:19:HAL_TIM_IC_Start_IT	8	static
stm32f3xx_hal_tim.c:1711:19:HAL_TIM_IC_Stop_IT	8	static
stm32f3xx_hal_tim.c:1773:19:HAL_TIM_IC_Start_DMA	16	static
stm32f3xx_hal_tim.c:1886:19:HAL_TIM_IC_Stop_DMA	8	static
