stm32f3xx_hal_adc_ex.c:7198:26:ADC_Disable	16	static
stm32f3xx_hal_adc_ex.c:7257:26:ADC_ConversionStop	16	static
stm32f3xx_hal_adc_ex.c:7144:26:ADC_Enable	16	static
stm32f3xx_hal_adc_ex.c:7118:13:ADC_DMAError	0	static
stm32f3xx_hal_adc_ex.c:7104:13:ADC_DMAHalfConvCplt	0	static
stm32f3xx_hal_adc_ex.c:7061:13:ADC_DMAConvCplt	0	static
stm32f3xx_hal_adc_ex.c:252:19:HAL_ADC_Init	104	static
stm32f3xx_hal_adc_ex.c:791:19:HAL_ADC_DeInit	104	static
stm32f3xx_hal_adc_ex.c:1206:19:HAL_ADC_Start	16	static
stm32f3xx_hal_adc_ex.c:1412:19:HAL_ADC_Stop	8	static
stm32f3xx_hal_adc_ex.c:1517:19:HAL_ADC_PollForConversion	24	static
stm32f3xx_hal_adc_ex.c:1820:19:HAL_ADC_PollForEvent	24	static
stm32f3xx_hal_adc_ex.c:1998:19:HAL_ADC_Start_IT	16	static
stm32f3xx_hal_adc_ex.c:2235:19:HAL_ADC_Stop_IT	8	static
stm32f3xx_hal_adc_ex.c:2341:19:HAL_ADC_Start_DMA	32	static
stm32f3xx_hal_adc_ex.c:2612:19:HAL_ADC_Stop_DMA	16	static
stm32f3xx_hal_adc_ex.c:2762:10:HAL_ADC_GetValue	0	static
stm32f3xx_hal_adc_ex.c:3247:19:HAL_ADCEx_Calibration_Start	24	static
stm32f3xx_hal_adc_ex.c:3441:10:HAL_ADCEx_Calibration_GetValue	0	static
stm32f3xx_hal_adc_ex.c:3476:19:HAL_ADCEx_Calibration_SetValue	8	static
stm32f3xx_hal_adc_ex.c:3541:19:HAL_ADCEx_InjectedStart	16	static
stm32f3xx_hal_adc_ex.c:3729:19:HAL_ADCEx_InjectedStop	8	static
stm32f3xx_hal_adc_ex.c:3872:19:HAL_ADCEx_InjectedPollForConversion	24	static
stm32f3xx_hal_adc_ex.c:4099:19:HAL_ADCEx_InjectedStart_IT	16	static
stm32f3xx_hal_adc_ex.c:4319:19:HAL_ADCEx_InjectedStop_IT	8	static
stm32f3xx_hal_adc_ex.c:4479:19:HAL_ADCEx_MultiModeStart_DMA	112	static
stm32f3xx_hal_adc_ex.c:4619:19:HAL_ADCEx_MultiModeStop_DMA	104	static
stm32f3xx_hal_adc_ex.c:4739:10:HAL_ADCEx_MultiModeGetValue	0	static
stm32f3xx_hal_adc_ex.c:4790:10:HAL_ADCEx_InjectedGetValue	0	static
stm32f3xx_hal_adc_ex.c:4904:19:HAL_ADCEx_RegularStop	8	static
stm32f3xx_hal_adc_ex.c:4978:19:HAL_ADCEx_RegularStop_IT	8	static
stm32f3xx_hal_adc_ex.c:5058:19:HAL_ADCEx_RegularStop_DMA	16	static
stm32f3xx_hal_adc_ex.c:5170:19:HAL_ADCEx_RegularMultiModeStop_DMA	104	static
stm32f3xx_hal_adc_ex.c:5315:13:HAL_ADCEx_InjectedConvCpltCallback	0	static
stm32f3xx_hal_adc_ex.c:5338:13:HAL_ADCEx_InjectedQueueOverflowCallback	0	static
stm32f3xx_hal_adc_ex.c:5354:13:HAL_ADCEx_LevelOutOfWindow2Callback	0	static
stm32f3xx_hal_adc_ex.c:5369:13:HAL_ADCEx_LevelOutOfWindow3Callback	0	static
stm32f3xx_hal_adc_ex.c:2820:6:HAL_ADC_IRQHandler	8	static
stm32f3xx_hal_adc_ex.c:5432:19:HAL_ADC_ConfigChannel	112	static
stm32f3xx_hal_adc_ex.c:5898:19:HAL_ADCEx_InjectedConfigChannel	112	static
stm32f3xx_hal_adc_ex.c:6650:19:HAL_ADC_AnalogWDGConfig	20	static
stm32f3xx_hal_adc_ex.c:6935:19:HAL_ADCEx_MultiModeConfigChannel	112	static
