stm32f3xx_hal_adc.c:422:26:HAL_ADC_Init	0	static
stm32f3xx_hal_adc.c:453:26:HAL_ADC_DeInit	0	static
stm32f3xx_hal_adc.c:470:13:HAL_ADC_MspInit	0	static
stm32f3xx_hal_adc.c:485:13:HAL_ADC_MspDeInit	0	static
stm32f3xx_hal_adc.c:531:26:HAL_ADC_Start	0	static
stm32f3xx_hal_adc.c:554:26:HAL_ADC_Stop	0	static
stm32f3xx_hal_adc.c:572:26:HAL_ADC_PollForConversion	0	static
stm32f3xx_hal_adc.c:598:26:HAL_ADC_PollForEvent	0	static
stm32f3xx_hal_adc.c:627:26:HAL_ADC_Start_IT	0	static
stm32f3xx_hal_adc.c:654:26:HAL_ADC_Stop_IT	0	static
stm32f3xx_hal_adc.c:682:26:HAL_ADC_Start_DMA	0	static
stm32f3xx_hal_adc.c:709:26:HAL_ADC_Stop_DMA	0	static
stm32f3xx_hal_adc.c:730:17:HAL_ADC_GetValue	0	static
stm32f3xx_hal_adc.c:744:13:HAL_ADC_IRQHandler	0	static
stm32f3xx_hal_adc.c:758:13:HAL_ADC_ConvCpltCallback	0	static
stm32f3xx_hal_adc.c:773:13:HAL_ADC_ConvHalfCpltCallback	0	static
stm32f3xx_hal_adc.c:788:13:HAL_ADC_LevelOutOfWindowCallback	0	static
stm32f3xx_hal_adc.c:804:13:HAL_ADC_ErrorCallback	0	static
stm32f3xx_hal_adc.c:856:26:HAL_ADC_ConfigChannel	0	static
stm32f3xx_hal_adc.c:883:26:HAL_ADC_AnalogWDGConfig	0	static
stm32f3xx_hal_adc.c:927:10:HAL_ADC_GetState	0	static
stm32f3xx_hal_adc.c:941:10:HAL_ADC_GetError	0	static
