stm32f3xx_hal_uart.c:2380:13:UART_EndRxTransfer	0	static
stm32f3xx_hal_uart.c:611:13:HAL_UART_MspInit	0	static
stm32f3xx_hal_uart.c:626:13:HAL_UART_MspDeInit	0	static
stm32f3xx_hal_uart.c:573:19:HAL_UART_DeInit	16	static
stm32f3xx_hal_uart.c:865:19:HAL_UART_Transmit_IT	0	static
stm32f3xx_hal_uart.c:906:19:HAL_UART_Receive_IT	0	static
stm32f3xx_hal_uart.c:956:19:HAL_UART_Transmit_DMA	16	static
stm32f3xx_hal_uart.c:1024:19:HAL_UART_Receive_DMA	16	static
stm32f3xx_hal_uart.c:1087:19:HAL_UART_DMAPause	0	static
stm32f3xx_hal_uart.c:1120:19:HAL_UART_DMAResume	0	static
stm32f3xx_hal_uart.c:1154:19:HAL_UART_DMAStop	8	static
stm32f3xx_hal_uart.c:1208:19:HAL_UART_Abort	8	static
stm32f3xx_hal_uart.c:1275:19:HAL_UART_AbortTransmit	8	static
stm32f3xx_hal_uart.c:1317:19:HAL_UART_AbortReceive	8	static
stm32f3xx_hal_uart.c:1770:13:HAL_UART_TxCpltCallback	0	static
stm32f3xx_hal_uart.c:2396:13:UART_DMATransmitCplt	8	static
stm32f3xx_hal_uart.c:1785:13:HAL_UART_TxHalfCpltCallback	0	static
stm32f3xx_hal_uart.c:2425:13:UART_DMATxHalfCplt	8	static
stm32f3xx_hal_uart.c:1800:13:HAL_UART_RxCpltCallback	0	static
stm32f3xx_hal_uart.c:2437:13:UART_DMAReceiveCplt	8	static
stm32f3xx_hal_uart.c:1815:13:HAL_UART_RxHalfCpltCallback	0	static
stm32f3xx_hal_uart.c:2466:13:UART_DMARxHalfCplt	8	static
stm32f3xx_hal_uart.c:1830:13:HAL_UART_ErrorCallback	0	static
stm32f3xx_hal_uart.c:2478:13:UART_DMAError	8	static
stm32f3xx_hal_uart.c:2508:13:UART_DMAAbortOnError	8	static
stm32f3xx_hal_uart.c:1845:13:HAL_UART_AbortCpltCallback	0	static
stm32f3xx_hal_uart.c:1365:19:HAL_UART_Abort_IT	8	static
stm32f3xx_hal_uart.c:2567:13:UART_DMARxAbortCallback	8	static
stm32f3xx_hal_uart.c:2525:13:UART_DMATxAbortCallback	8	static
stm32f3xx_hal_uart.c:1860:13:HAL_UART_AbortTransmitCpltCallback	0	static
stm32f3xx_hal_uart.c:1490:19:HAL_UART_AbortTransmit_IT	8	static
stm32f3xx_hal_uart.c:2609:13:UART_DMATxOnlyAbortCallback	8	static
stm32f3xx_hal_uart.c:1875:13:HAL_UART_AbortReceiveCpltCallback	0	static
stm32f3xx_hal_uart.c:1555:19:HAL_UART_AbortReceive_IT	8	static
stm32f3xx_hal_uart.c:2630:13:UART_DMARxOnlyAbortCallback	8	static
stm32f3xx_hal_uart.c:1956:6:HAL_MultiProcessor_EnterMuteMode	0	static
stm32f3xx_hal_uart.c:1966:19:HAL_HalfDuplex_EnableTransmitter	0	static
stm32f3xx_hal_uart.c:1990:19:HAL_HalfDuplex_EnableReceiver	0	static
stm32f3xx_hal_uart.c:2014:19:HAL_LIN_SendBreak	0	static
stm32f3xx_hal_uart.c:2062:23:HAL_UART_GetState	0	static
stm32f3xx_hal_uart.c:2077:10:HAL_UART_GetError	0	static
stm32f3xx_hal_uart.c:2098:19:UART_SetConfig	16	static
stm32f3xx_hal_uart.c:2209:6:UART_AdvFeatureConfig	8	static
stm32f3xx_hal_uart.c:2333:19:UART_WaitOnFlagUntilTimeout	24	static
stm32f3xx_hal_uart.c:725:19:HAL_UART_Transmit	32	static
stm32f3xx_hal_uart.c:794:19:HAL_UART_Receive	32	static
stm32f3xx_hal_uart.c:2283:19:UART_CheckIdleState	24	static
stm32f3xx_hal_uart.c:296:19:HAL_UART_Init	8	static
stm32f3xx_hal_uart.c:359:19:HAL_HalfDuplex_Init	8	static
stm32f3xx_hal_uart.c:422:19:HAL_LIN_Init	16	static
stm32f3xx_hal_uart.c:509:19:HAL_MultiProcessor_Init	16	static
stm32f3xx_hal_uart.c:1914:19:HAL_MultiProcessor_EnableMuteMode	0	static
stm32f3xx_hal_uart.c:1935:19:HAL_MultiProcessor_DisableMuteMode	0	static
stm32f3xx_hal_uart.c:2653:19:UART_Transmit_IT	0	static
stm32f3xx_hal_uart.c:2699:19:UART_EndTransmit_IT	8	static
stm32f3xx_hal_uart.c:2719:19:UART_Receive_IT	8	static
stm32f3xx_hal_uart.c:1618:6:HAL_UART_IRQHandler	16	static
stm32f3xx_hal_uart.c:2773:6:UART_Wakeup_AddressConfig	8	static
