stm32f3xx_hal_tim_ex.c:2649:13:TIM_CCxNChannelCmd	8	static
stm32f3xx_hal_tim_ex.c:2672:13:TIM_OC5_SetConfig	12	static
stm32f3xx_hal_tim_ex.c:2725:13:TIM_OC6_SetConfig	12	static
stm32f3xx_hal_tim_ex.c:295:13:HAL_TIMEx_HallSensor_MspInit	0	static
stm32f3xx_hal_tim_ex.c:189:19:HAL_TIMEx_HallSensor_Init	48	static
stm32f3xx_hal_tim_ex.c:310:13:HAL_TIMEx_HallSensor_MspDeInit	0	static
stm32f3xx_hal_tim_ex.c:268:19:HAL_TIMEx_HallSensor_DeInit	8	static
stm32f3xx_hal_tim_ex.c:325:19:HAL_TIMEx_HallSensor_Start	8	static
stm32f3xx_hal_tim_ex.c:346:19:HAL_TIMEx_HallSensor_Stop	8	static
stm32f3xx_hal_tim_ex.c:367:19:HAL_TIMEx_HallSensor_Start_IT	8	static
stm32f3xx_hal_tim_ex.c:391:19:HAL_TIMEx_HallSensor_Stop_IT	8	static
stm32f3xx_hal_tim_ex.c:417:19:HAL_TIMEx_HallSensor_Start_DMA	16	static
stm32f3xx_hal_tim_ex.c:464:19:HAL_TIMEx_HallSensor_Stop_DMA	8	static
stm32f3xx_hal_tim_ex.c:937:19:HAL_TIMEx_PWMN_Start	8	static
stm32f3xx_hal_tim_ex.c:520:19:HAL_TIMEx_OCN_Start	0	static
stm32f3xx_hal_tim_ex.c:996:19:HAL_TIMEx_PWMN_Start_IT	8	static
stm32f3xx_hal_tim_ex.c:580:19:HAL_TIMEx_OCN_Start_IT	0	static
stm32f3xx_hal_tim_ex.c:1063:19:HAL_TIMEx_PWMN_Stop_IT	8	static
stm32f3xx_hal_tim_ex.c:647:19:HAL_TIMEx_OCN_Stop_IT	0	static
stm32f3xx_hal_tim_ex.c:1138:19:HAL_TIMEx_PWMN_Start_DMA	16	static
stm32f3xx_hal_tim_ex.c:722:19:HAL_TIMEx_OCN_Start_DMA	0	static
stm32f3xx_hal_tim_ex.c:1253:19:HAL_TIMEx_PWMN_Stop_DMA	8	static
stm32f3xx_hal_tim_ex.c:837:19:HAL_TIMEx_OCN_Stop_DMA	0	static
stm32f3xx_hal_tim_ex.c:1340:19:HAL_TIMEx_OnePulseN_Start	8	static
stm32f3xx_hal_tim_ex.c:1365:19:HAL_TIMEx_OnePulseN_Stop	8	static
stm32f3xx_hal_tim_ex.c:966:19:HAL_TIMEx_PWMN_Stop	0	static
stm32f3xx_hal_tim_ex.c:550:19:HAL_TIMEx_OCN_Stop	0	static
stm32f3xx_hal_tim_ex.c:1394:19:HAL_TIMEx_OnePulseN_Start_IT	8	static
stm32f3xx_hal_tim_ex.c:1425:19:HAL_TIMEx_OnePulseN_Stop_IT	8	static
stm32f3xx_hal_tim_ex.c:1498:19:HAL_TIMEx_ConfigCommutationEvent	8	static
stm32f3xx_hal_tim_ex.c:1547:19:HAL_TIMEx_ConfigCommutationEvent_IT	8	static
stm32f3xx_hal_tim_ex.c:1600:19:HAL_TIMEx_ConfigCommutationEvent_DMA	8	static
stm32f3xx_hal_tim_ex.c:1653:19:HAL_TIM_OC_ConfigChannel	8	static
stm32f3xx_hal_tim_ex.c:1757:19:HAL_TIM_PWM_ConfigChannel	16	static
stm32f3xx_hal_tim_ex.c:1896:19:HAL_TIMEx_MasterConfigSynchronization	12	static
stm32f3xx_hal_tim_ex.c:2006:19:HAL_TIMEx_ConfigBreakDeadTime	8	static
stm32f3xx_hal_tim_ex.c:2278:19:HAL_TIMEx_RemapConfig	0	static
stm32f3xx_hal_tim_ex.c:2317:19:HAL_TIMEx_GroupChannel5	0	static
stm32f3xx_hal_tim_ex.c:2373:19:HAL_TIM_ConfigOCrefClear	16	static
stm32f3xx_hal_tim_ex.c:2558:13:HAL_TIMEx_CommutationCallback	0	static
stm32f3xx_hal_tim_ex.c:2628:6:TIMEx_DMACommutationCplt	8	static
stm32f3xx_hal_tim_ex.c:2573:13:HAL_TIMEx_BreakCallback	0	static
stm32f3xx_hal_tim_ex.c:2607:22:HAL_TIMEx_HallSensor_GetState	0	static
